
=========== ./cmp2.go
comparing uncomparable type []int
throw: interface compare
SIGSEGV: segmentation violation
Faulting address: 0x0
pc: xxx


=========== ./cmp3.go
comparing uncomparable type map[string] int
throw: interface compare
SIGSEGV: segmentation violation
Faulting address: 0x0
pc: xxx


=========== ./cmp4.go
hash of unhashable type []int
throw: interface hash
SIGSEGV: segmentation violation
Faulting address: 0x0
pc: xxx


=========== ./cmp5.go
hash of unhashable type map[string] int
throw: interface hash
SIGSEGV: segmentation violation
Faulting address: 0x0
pc: xxx


=========== ./convlit.go
BUG: errchk: ./convlit.go: missing expected error message on line 16: 'conver|incompatible'
errchk: ./convlit.go: missing expected error message on line 22: 'convert'
errchk: ./convlit.go: missing expected error message on line 23: 'overflow'
errchk: ./convlit.go: missing expected error message on line 24: 'overflow'
errchk: ./convlit.go: unmatched error messages:
==================================================
./convlit.go:8: cannot convert non-integer constant to int
./convlit.go:11: overflow converting constant to int
./convlit.go:12: overflow converting constant to float
./convlit.go:8: cannot convert non-integer constant to int
./convlit.go:8: fatal error: too many errors
==================================================

=========== ./helloworld.go
hello, world

=========== ./interface2.go
cannot convert type *main.S to interface main.I: missing method Foo
throw: interface conversion
SIGSEGV: segmentation violation
Faulting address: 0x0
pc: xxx


=========== ./interface3.go
cannot convert type *main.S to interface main.I2: missing method Name
throw: interface conversion
SIGSEGV: segmentation violation
Faulting address: 0x0
pc: xxx


=========== ./peano.go
0! = 1
1! = 1
2! = 2
3! = 6
4! = 24
5! = 120
6! = 720
7! = 5040
8! = 40320
9! = 362880
10! = 3628800

=========== ./printbig.go
-9223372036854775808
9223372036854775807

=========== ./sigchld.go
survived SIGCHLD

=========== ./turing.go
Hello World!

=========== ken/intervar.go
 print 1 bio 2 file 3 -- abc

=========== ken/label.go
100

=========== ken/rob1.go
9876543210

=========== ken/rob2.go
(defn foo (add 12 34))

=========== ken/simpprint.go
hello world

=========== ken/simpswitch.go
0out01out12out2aout34out4fiveout56out6aout78out89out9

=========== ken/string.go
abcxyz-abcxyz-abcxyz-abcxyz-abcxyz-abcxyz-abcxyz

=========== chan/nonblock.go
PASS

=========== bugs/bug108.go
bugs/bug108.go:4: stupid shift: 1025
BUG: errchk: command succeeded unexpectedly:  6g bugs/bug108.go

=========== bugs/bug115.go
bugs/bug115.go:8: overflow converting constant to uint
BUG: bug115 should compile

=========== bugs/bug117.go
bugs/bug117.go:9: undefined DOT get on PS
bugs/bug117.go:9: illegal types for operand: RETURN
	int
BUG: should compile

=========== bugs/bug122.go
BUG: compilation succeeds incorrectly

=========== bugs/bug125.go
BUG: errchk: command succeeded unexpectedly:  6g bugs/bug125.go

=========== bugs/bug131.go
BUG: should not compile

=========== bugs/bug132.go
BUG: compilation succeeds incorrectly

=========== bugs/bug136.go
BUG: should not compile

=========== bugs/bug138.go
bugs/bug138.go:8: overflow converting constant to uint
bugs/bug138.go:8: illegal combination of literals CONV 7
BUG should compile

=========== fixedbugs/bug016.go
fixedbugs/bug016.go:7: overflow converting constant to uint

=========== fixedbugs/bug027.go
hi
0 44444
1 3333
2 222
3 11
4 0
0 44444
1 3333
2 222
3 11
4 0

=========== fixedbugs/bug035.go
fixedbugs/bug035.go:6: variable i redeclared in this block
	previous declaration at fixedbugs/bug035.go:5
fixedbugs/bug035.go:7: variable f redeclared in this block
	previous declaration at fixedbugs/bug035.go:5

=========== fixedbugs/bug037.go
fixedbugs/bug037.go:6: vlong: undefined
fixedbugs/bug037.go:6: illegal types for operand: AS
	undefined

=========== fixedbugs/bug039.go
fixedbugs/bug039.go:6: variable x redeclared in this block
	previous declaration at fixedbugs/bug039.go:5

=========== fixedbugs/bug041.go
fixedbugs/bug041.go:5: export of incomplete type t

=========== fixedbugs/bug049.go
fixedbugs/bug049.go:6: illegal conversion of nil to string

=========== fixedbugs/bug050.go
fixedbugs/bug050.go:3: package statement must be first
sys.6:1 fixedbugs/bug050.go:3: syntax error near package

=========== fixedbugs/bug051.go
fixedbugs/bug051.go:10: expression must be a constant

=========== fixedbugs/bug062.go
fixedbugs/bug062.go:6: illegal conversion of nil to string
fixedbugs/bug062.go:6: illegal types for operand: AS
	string

=========== fixedbugs/bug067.go
ok

=========== fixedbugs/bug068.go
fixedbugs/bug068.go:8: unknown escape sequence: '

=========== fixedbugs/bug070.go
outer loop top k 0
inner loop top i 0
do break
broke

=========== fixedbugs/bug072.go
fixedbugs/bug072.go:6: bug: undefined

=========== fixedbugs/bug073.go
fixedbugs/bug073.go:8: illegal types for operand: LSH
	int
	int
fixedbugs/bug073.go:9: illegal types for operand: RSH
	int
	int

=========== fixedbugs/bug074.go
fixedbugs/bug074.go:6: invalid type for composite literal: string
fixedbugs/bug074.go:6: invalid type for composite literal: string

=========== fixedbugs/bug081.go
fixedbugs/bug081.go:5: no type x

=========== fixedbugs/bug083.go
fixedbugs/bug083.dir/bug1.go:9: syntax error near t0

=========== fixedbugs/bug086.go
fixedbugs/bug086.go:5: function ends without a return statement

=========== fixedbugs/bug090.go
fixedbugs/bug090.go:32: cannot convert non-integer constant to int
fixedbugs/bug090.go:32: illegal types for operand: AS
	int
fixedbugs/bug090.go:34: cannot convert non-integer constant to int
fixedbugs/bug090.go:34: illegal types for operand: CALL
	bool
fixedbugs/bug090.go:40: cannot convert non-integer constant to int
fixedbugs/bug090.go:40: illegal types for operand: AS
	int
	float64

=========== fixedbugs/bug091.go
fixedbugs/bug091.go:15: c: undefined
fixedbugs/bug091.go:15: illegal types for operand: AS
	undefined

=========== fixedbugs/bug093.go
M

=========== fixedbugs/bug103.go
fixedbugs/bug103.go:8: function requires a return type

=========== fixedbugs/bug113.go
main.I is int, not int32
throw: interface conversion
SIGSEGV: segmentation violation
Faulting address: 0x0
pc: xxx


=========== fixedbugs/bug121.go
fixedbugs/bug121.go:9: syntax error near T
fixedbugs/bug121.go:20: incomplete type I
fixedbugs/bug121.go:20: illegal types for operand: AS
	I
	*S

=========== fixedbugs/bug133.go
fixedbugs/bug133.dir/bug2.go:11: undefined DOT i on bug0.T
fixedbugs/bug133.dir/bug2.go:11: illegal types for operand: RETURN
	int
