// comment 0  comment 1 
PACKAGE a

IMPORTPATH
	testdata/a

FILENAMES
	testdata/a0.go
	testdata/a1.go

BUGS
	// bug0 
	// bug1 

SECBUG
	// sec hole 0 need to fix asap 

TODO
	// todo0 
	// todo1 
