package main

type Bar int

func main() {
	var a Bar
	println(a)
}
